// Jest Snapshot v1, https://goo.gl/fbAQLP

exports[`kosko generate --prod 1`] = `
"---
apiVersion: apps/v1
kind: Deployment
metadata:
  annotations:
    kapp.k14s.io/disable-default-ownership-label-rules: ''
    kapp.k14s.io/disable-default-label-scoping-rules: ''
    app.github.com/job: '5678'
    app.github.com/ref: refs/tags/v1.2.3
    app.github.com/repo: socialgouv/carnet-de-bord
    app.github.com/run: '1234'
    app.github.com/sha: '0123456'
  labels:
    app: app
    application: carnet-de-bord
    component: carnet-de-bord
    owner: carnet-de-bord
    team: carnet-de-bord
  name: app
  namespace: carnet-de-bord
spec:
  replicas: 1
  selector:
    matchLabels:
      app: app
  template:
    metadata:
      annotations:
        kapp.k14s.io/disable-default-ownership-label-rules: ''
        kapp.k14s.io/disable-default-label-scoping-rules: ''
        app.github.com/job: '5678'
        app.github.com/ref: refs/tags/v1.2.3
        app.github.com/repo: socialgouv/carnet-de-bord
        app.github.com/run: '1234'
        app.github.com/sha: '0123456'
      labels:
        app: app
        application: carnet-de-bord
        component: carnet-de-bord
        owner: carnet-de-bord
        team: carnet-de-bord
    spec:
      containers:
        - image: >-
            ghcr.io/socialgouv/carnet-de-bord/app:sha-0123456789abcdefghijklmnopqrstuvwxyz0123
          livenessProbe:
            failureThreshold: 6
            httpGet:
              path: /healthz
              port: 3000
            initialDelaySeconds: 30
            periodSeconds: 15
            timeoutSeconds: 5
          name: app
          ports:
            - containerPort: 3000
              name: http
          readinessProbe:
            failureThreshold: 15
            httpGet:
              path: /healthz
              port: 3000
            initialDelaySeconds: 30
            periodSeconds: 15
            successThreshold: 1
            timeoutSeconds: 1
          resources:
            limits:
              cpu: 200m
              memory: 256Mi
            requests:
              cpu: 50m
              memory: 128Mi
          startupProbe:
            failureThreshold: 12
            httpGet:
              path: /healthz
              port: 3000
            periodSeconds: 15
            initialDelaySeconds: 30
          envFrom:
            - secretRef:
                name: azure-pg-user
            - secretRef:
                name: app-sealed-secret
            - configMapRef:
                name: app-configmap
          env:
            - name: APP_URL
              value: https://carnet-de-bord.fabrique.social.gouv.fr
            - name: VITE_GRAPHQL_API_URL
              value: https://hasura-carnet-de-bord.fabrique.social.gouv.fr/v1/graphql
      initContainers:
        - env:
            - name: WAIT_FOR_RETRIES
              value: '24'
          envFrom:
            - secretRef:
                name: azure-pg-user
          image: ghcr.io/socialgouv/docker/wait-for-postgres:6.45.0
          imagePullPolicy: Always
          name: wait-for-postgres
          resources:
            limits:
              cpu: 20m
              memory: 32Mi
            requests:
              cpu: 5m
              memory: 16Mi
---
apiVersion: bitnami.com/v1alpha1
kind: SealedSecret
metadata:
  annotations:
    kapp.k14s.io/disable-default-ownership-label-rules: ''
    kapp.k14s.io/disable-default-label-scoping-rules: ''
    app.github.com/job: '5678'
    app.github.com/ref: refs/tags/v1.2.3
    app.github.com/repo: socialgouv/carnet-de-bord
    app.github.com/run: '1234'
    app.github.com/sha: '0123456'
  name: app-sealed-secret
  namespace: carnet-de-bord
  labels:
    application: carnet-de-bord
    component: carnet-de-bord
    owner: carnet-de-bord
    team: carnet-de-bord
spec:
  encryptedData:
    HASURA_GRAPHQL_ADMIN_SECRET: >-
      AgAJxIzU+G2q/uBYnpxoH664ZlzQ/iQyJKnwGo36PUZ/p7AVrnz/1hvmHSntjAS8xewSjcSmX77tU5N63iAOc1VYslVnwmDW7QdFdIXp8i9WL9Jh0+DquBbbgt69aJLvu6y9hX2vh8JiziCGz+ikAseJZE5bTPPgvWctWUt/2nZmeENADvKyTORJ25BT0lXPlEhbjndy2VNmVokH51xHwfzqOzDeOiomQo1MhIB9ZYGvM0T1S9w4GRzLy1tne1nqZ2nnzWwo03KmGturdtVYm+nafHT0WI3FPBFG1HIRJdlsESPq1Ta/9UlmAyD7OiFr+kDLFThUPVUsrhxrCxg10U7yfI6rIcSiIDB2TbeWJB9+GUljFpXjTeM1FjKmrumqHUAHscwVBmODYOmt5PK1R5+CvWOXUpvG5OrN7oQDibWpeSSxhndlS6JBic0ZuMTZn6DbEUmGMZyCuscAYH159xgrPd/atWHAZQy2LQR7YTv5KZPkiQlvdX1iM6M4oBdSlGx08EF9V/ke9uG+R9KCtAdlvlyBum5wMtlRN69OLhqGrG5maBaHALyAM1Qlm4Nub5ZvuYTrfhzSq/KTPmz1zhgaX5waMydLh7+pxODfNYb7e5rGRqMOxwGD1lndNZR+jV/E5q9sD9Cwz3Ak/JuKF8kKxZE4K+Y6/Ttw6KM4fjJPmet01Wtq+6nLdPQqgcYSRS8StWjF9atnySIRvef8WQo403mwS5dla5s=
    HASURA_GRAPHQL_JWT_SECRET: >-
      AgBEegrbdsPV2j2Zhv0x5c8sQNkaPgoLD8z3FP4iQsTUstarSTY1+dZYovcYdpCyaA1NlPaaWVWKsq+J0OnBPDdloVBgQnsKCEhfWsM3BI6seOFwXah6VQdjoD2Q3MXu/qXg32Yi3M45YEsGt9QgEJ2erVQrS98Jg/ZvE/8P+dxoSCkUC/E6tpYtBMbC6nTJGHzilOl/Y5c1SkEXbjW6kmR1Dvx3w54ngsC4O0ik4IZ1L5KJAHR0wWoH+6sP1QJ0QgCZV6+cXTnGFj4YJgatUPRk5vXptBrfReNV2fo+Dk5JU4N/SAsQxWwkQVQApC5yOhqMpOmkCxk0TvgHFrWQGS+rdp51T1tGy1Oxkuy/Xf7uLAPQW2gtut7B7LPX2qhAcqWfryatUgHitoAaOJPtyhSO1rxWw9dqgSj+8XJCxGjpuYNyGJecwjC/MwOWdzrpYPACtiTHJz+bl2xPm+3WWmGzEPzL3jjI0sMWWVTVwNRxMsXwNJbviR513hms2H4AOgLNeIBl9MEJedlPdxZIjOGTspjSKeE3U4oZ/ubSIZW9tmMD2TJBTKH3eK/bw/mLf+zliv38RJEX5lBi0nHxIeaKoJhJrxRZjoq1tjOrQVLbZCWTCcQcivpy474gaeHg9LSQC0eTb/jfNtgjQLNZvlk3nyo23pELOOx29tU1i0/e3y+Kdst/qMal/j+DRMZZ+eWmT3XQirWMn8Y2j4hQVlYF9l3h/CccaWTxPDFLL5maH3ImZE7FBHKwb56UMLfV4rlsgQyb2Xn6TciSR3/1fb6KvfU4e8+vwy4AUhrUvjFw7u0uQodYwv7zuhbEgA==
    SMTP_USER: >-
      AgAuDzNdFtUBgrK4XOocMr0xjdH09yjXAtm2W0qm1iS0ybWA3ovePz5Sgw8McOjDPOomgdM1pxWzULYWMLb9MyCmooP/kBgAyVNLG0NpNDmQpgbXRFpeD0l+rGLloXw7n7S2B+F2AI8oHjsRIIOPojo2rG2BvRy+Wad3lU0ejSTU0bTB5XS+UISn1hbo9tKHLpzext7CGjFffxnDXHXE8xlf1bsBLTWXbaiXMlmzn19hoZJOAZ8JSdWcCGQPskMjIxrE5QhL2/af4gG56PNZKTFgckTD+HTir7VAjTbfgCNyPe4YP9Zi2vE8KtyN09VJYE89B6oZpF51n4ykgFMAvlQ/erjZrXYH3k/LQM1lmUO7/L6UiCMnfhxg17Wj8Y4aapHkeurZgoIeF7x4TxTG0r3dH55MyQAZOZNO4IZRP/e6PZe883N8H9sco/mhXi8Rgk8wXeOY3z91W0FN5p44Cy0aOZCSdFSxa+bBMnDPIugcVRd4x13UByEmPHVxT8b6EUsvaegzwQOo6iFfSLQiGjuQammkCrlUsSAkYDXT8AJfCFuImN32fzmGFofJ0f6Bzwpi9sTOwKmLoTQX8k7Mm1tnPM0jbPEZlBtjwBV3QNIf99Okv2AiPkbdlonFnWulpo45PluP5CZTjsmJrGLE8tmdwcCOVlRD3HdVP71UoNmCFt+mbcaV4eDSllZ3iQHRbXwPCkGmFXJmb2JF0eGugl4z9Ho7fUNlFGDqxX/zBPYD5A==
    SMTP_PASS: >-
      AgBa+CCcYvA5RrcB7tCNP4BOZaBPSdw7WvwfL2I3d8zJJEfLv66yUeINcSDYd5QcBtvPN3eVJMhqfMqG906B7vQQ4eVPUIr2jyNQ9loIj2Oawn145FguA3s+xLyqRtpmL5Y9FOaFWTPeycWxTmF5tr1jNOo2xDpQqnmPWgzX4btIYoi452MXAVNAY7LUs3j/NIxg/DiEt6w1muPBoz5tKd7Mr/yu778h/X7rOhPY4zWyjtMnVKs7sc5lRaF7PyNYqosHKTAlDunjjCC4+UjSijdIe/aMgRgVa74E+eHbuG1TE+3HV5X34UUvphTOH6ucgTz7YkbI2exZXhdPpfQ6uW1Y0YgbthSIUOJ4CNQ/78vpAG4t17uibSYbeKVZnvDBy/BfHbTEatiCIe/J6riA/rC2QInfnwNtKmq7CxRz38+Nd07EMCU8+tMUC3Ujy0qxGq7KK1Ah1TDlF+/eSS6zjGQViI1wS4plGdHqsglkSQ2xgvcD9WkgPBV11k6jZLIlkEmyByjVAkvKG7SnSfeVe+/3kC0CfWz5NZPCeZP6fG9HW70jpQcfiY0hP89F8IqCCyKGZxiwdui5qi6saKo6qlm1Hd/QPeMuWgNKE+wCpi8z4if/Yz/4zqSMExhE3mzV5WUfDurDtnrGV+5dl2GCbnZCZ6veT1z3oSyyvOtUPg+TTVpOeMrDuhRBTPbX/VS63pSTkMf7//ryumLskzvaic7Uzj71hDqpiDcKwrew3N+O9A==
    API_PARTICULIER_TOKEN_PE: >-
      AgAzg6Pt5dYiFshwcJqxoBpBzc+qaw6QbrRGdm0+0BWKIyohRyUV5dAGPtzrLXLm2FGpxNbB6+cWG9gBwBiyD1kaOoIb059Q4SMo7tUJX7YU6QuslR4MJkJ47Boy0xjXT4OXl+JcUeaT9ch5v9+VGGgzvGm3wYwKk07iJ9ysdi9FPZzHaWnZtfRbVq0q/tMgEoIfTSTUGRH6gWZzL30/F7thFUZPYg9jERvN8F0x88SVR7Son2VT+jNPC9AOYGBFVsEJKVEKS0iHcrUJIuM/SI4j+TLhtnKoejUnLc8qPkGDVXkWSBYcOpH3XF1LBhhH8QbeIJQPLtz3JqD6F/yz4MaJpC6ncmcnjvo3/NCvHTZ+8DlDg4zX2Y6xZDTXkPNwiovAAZeLn8oqr/1cYwHSIxyDZG/NTA2pWnio95L5s5Z7z11spLDHPZYz3fNhvOnaw3c9PM7pqv61W42G70EXQXVS/Siw1yP7Sk7bBgw1A+sw6nG1jxgsqY+aTWJ4ejXj/9SJR+K5fo0DzHmiljBl8ufJlpc0OMFVnTEHmi4q577p02PtcxbV7WqzDt+RDXIWgyKJbS+qxA6a/AMTvkobTMy9EXn58crestvoHjQmCQPD88DUHutuQPiyK3sKae5GHvXpuiQejJf2GSKxg/d/ycIIBu8NfcOeVSJIl2npRklu5Bd/iLi8OF8M9kmCXtYqWwExlzBf7by+7ZMzy2EyZH9zt7y0b3q7ICjzC2N4Ua9OL+O41rs=
    API_PARTICULIER_TOKEN_CAF: >-
      AgAzg6Pt5dYiFshwcJqxoBpBzc+qaw6QbrRGdm0+0BWKIyohRyUV5dAGPtzrLXLm2FGpxNbB6+cWG9gBwBiyD1kaOoIb059Q4SMo7tUJX7YU6QuslR4MJkJ47Boy0xjXT4OXl+JcUeaT9ch5v9+VGGgzvGm3wYwKk07iJ9ysdi9FPZzHaWnZtfRbVq0q/tMgEoIfTSTUGRH6gWZzL30/F7thFUZPYg9jERvN8F0x88SVR7Son2VT+jNPC9AOYGBFVsEJKVEKS0iHcrUJIuM/SI4j+TLhtnKoejUnLc8qPkGDVXkWSBYcOpH3XF1LBhhH8QbeIJQPLtz3JqD6F/yz4MaJpC6ncmcnjvo3/NCvHTZ+8DlDg4zX2Y6xZDTXkPNwiovAAZeLn8oqr/1cYwHSIxyDZG/NTA2pWnio95L5s5Z7z11spLDHPZYz3fNhvOnaw3c9PM7pqv61W42G70EXQXVS/Siw1yP7Sk7bBgw1A+sw6nG1jxgsqY+aTWJ4ejXj/9SJR+K5fo0DzHmiljBl8ufJlpc0OMFVnTEHmi4q577p02PtcxbV7WqzDt+RDXIWgyKJbS+qxA6a/AMTvkobTMy9EXn58crestvoHjQmCQPD88DUHutuQPiyK3sKae5GHvXpuiQejJf2GSKxg/d/ycIIBu8NfcOeVSJIl2npRklu5Bd/iLi8OF8M9kmCXtYqWwExlzBf7by+7ZMzy2EyZH9zt7y0b3q7ICjzC2N4Ua9OL+O41rs=
template:
  metadata:
    annotations: {}
    name: app-sealed-secret
  type: Opaque
---
apiVersion: v1
kind: ConfigMap
metadata:
  name: app-configmap
  annotations:
    kapp.k14s.io/disable-default-ownership-label-rules: ''
    kapp.k14s.io/disable-default-label-scoping-rules: ''
    app.github.com/job: '5678'
    app.github.com/ref: refs/tags/v1.2.3
    app.github.com/repo: socialgouv/carnet-de-bord
    app.github.com/run: '1234'
    app.github.com/sha: '0123456'
  labels:
    application: carnet-de-bord
    component: carnet-de-bord
    owner: carnet-de-bord
    team: carnet-de-bord
  namespace: carnet-de-bord
data:
  SMTP_HOST: smtp.tipimail.com
  SMTP_PORT: '2500'
  SMTP_FROM: contact.carnet-de-bord@fabrique.social.gouv.fr
  API_PARTICULIER_URL: https://particulier.api.gouv.fr/api
---
apiVersion: v1
kind: Service
metadata:
  labels:
    app: app
    application: carnet-de-bord
    component: carnet-de-bord
    owner: carnet-de-bord
    team: carnet-de-bord
  name: app
  annotations:
    kapp.k14s.io/disable-default-ownership-label-rules: ''
    kapp.k14s.io/disable-default-label-scoping-rules: ''
    app.github.com/job: '5678'
    app.github.com/ref: refs/tags/v1.2.3
    app.github.com/repo: socialgouv/carnet-de-bord
    app.github.com/run: '1234'
    app.github.com/sha: '0123456'
  namespace: carnet-de-bord
spec:
  ports:
    - name: http
      port: 80
      targetPort: 3000
  selector:
    app: app
  type: ClusterIP
---
apiVersion: networking.k8s.io/v1
kind: Ingress
metadata:
  annotations:
    kubernetes.io/ingress.class: nginx
    cert-manager.io/cluster-issuer: letsencrypt-prod
    kubernetes.io/tls-acme: 'true'
    kapp.k14s.io/disable-default-ownership-label-rules: ''
    kapp.k14s.io/disable-default-label-scoping-rules: ''
    app.github.com/job: '5678'
    app.github.com/ref: refs/tags/v1.2.3
    app.github.com/repo: socialgouv/carnet-de-bord
    app.github.com/run: '1234'
    app.github.com/sha: '0123456'
  labels:
    app: app
    application: carnet-de-bord
    component: carnet-de-bord
    owner: carnet-de-bord
    team: carnet-de-bord
  name: app
  namespace: carnet-de-bord
spec:
  rules:
    - host: carnet-de-bord.fabrique.social.gouv.fr
      http:
        paths:
          - backend:
              service:
                name: app
                port:
                  name: http
            path: /
            pathType: Prefix
  tls:
    - hosts:
        - carnet-de-bord.fabrique.social.gouv.fr
      secretName: app-crt
---
apiVersion: apps/v1
kind: Deployment
metadata:
  annotations:
    kapp.k14s.io/disable-default-ownership-label-rules: ''
    kapp.k14s.io/disable-default-label-scoping-rules: ''
    app.github.com/job: '5678'
    app.github.com/ref: refs/tags/v1.2.3
    app.github.com/repo: socialgouv/carnet-de-bord
    app.github.com/run: '1234'
    app.github.com/sha: '0123456'
  labels:
    app: hasura
    application: carnet-de-bord
    component: hasura
    owner: carnet-de-bord
    team: carnet-de-bord
  name: hasura
  namespace: carnet-de-bord
spec:
  replicas: 1
  selector:
    matchLabels:
      app: hasura
  template:
    metadata:
      annotations:
        kapp.k14s.io/disable-default-ownership-label-rules: ''
        kapp.k14s.io/disable-default-label-scoping-rules: ''
        app.github.com/job: '5678'
        app.github.com/ref: refs/tags/v1.2.3
        app.github.com/repo: socialgouv/carnet-de-bord
        app.github.com/run: '1234'
        app.github.com/sha: '0123456'
      labels:
        app: hasura
        application: carnet-de-bord
        component: hasura
        owner: carnet-de-bord
        team: carnet-de-bord
    spec:
      containers:
        - image: >-
            ghcr.io/socialgouv/carnet-de-bord/hasura:sha-0123456789abcdefghijklmnopqrstuvwxyz0123
          livenessProbe:
            failureThreshold: 6
            httpGet:
              path: /healthz
              port: http
            initialDelaySeconds: 30
            periodSeconds: 5
            timeoutSeconds: 5
          name: hasura
          ports:
            - containerPort: 80
              name: http
          readinessProbe:
            failureThreshold: 15
            httpGet:
              path: /healthz
              port: http
            initialDelaySeconds: 0
            periodSeconds: 5
            successThreshold: 1
            timeoutSeconds: 1
          resources:
            limits:
              cpu: 500m
              memory: 512Mi
            requests:
              cpu: 100m
              memory: 64Mi
          startupProbe:
            failureThreshold: 12
            httpGet:
              path: /healthz
              port: http
            periodSeconds: 5
          envFrom:
            - secretRef:
                name: azure-pg-user
            - secretRef:
                name: hasura-sealed-secret
            - configMapRef:
                name: hasura-configmap
      initContainers:
        - env:
            - name: WAIT_FOR_RETRIES
              value: '24'
          envFrom:
            - secretRef:
                name: azure-pg-user
          image: ghcr.io/socialgouv/docker/wait-for-postgres:6.45.0
          imagePullPolicy: Always
          name: wait-for-postgres
          resources:
            limits:
              cpu: 20m
              memory: 32Mi
            requests:
              cpu: 5m
              memory: 16Mi
---
apiVersion: bitnami.com/v1alpha1
kind: SealedSecret
metadata:
  annotations:
    kapp.k14s.io/disable-default-ownership-label-rules: ''
    kapp.k14s.io/disable-default-label-scoping-rules: ''
    app.github.com/job: '5678'
    app.github.com/ref: refs/tags/v1.2.3
    app.github.com/repo: socialgouv/carnet-de-bord
    app.github.com/run: '1234'
    app.github.com/sha: '0123456'
  name: hasura-sealed-secret
  namespace: carnet-de-bord
  labels:
    application: carnet-de-bord
    component: hasura
    owner: carnet-de-bord
    team: carnet-de-bord
spec:
  encryptedData:
    HASURA_GRAPHQL_ADMIN_SECRET: >-
      AgAmZ8LU55j/AQY3cAysAqbfgRI+B7w+ihJQwgcnUWIlCV7wESgjOaVx3WHL0oi25qoNN9JPTTdLoriYze1lTo3ET3e7kkLWRZXMnQHQB/v/qoflxdCAbIz/Skz1AdEwORZMG8OnmLfLlW9o4vhh5x32B7cpaGOTTtoCI8GvvJQuldRQm68+KwX3QsXJAvwgWtjpmfZaHCyOK/pbgb9S5s4RF4HTdtZF1kXasLNzk81jjfZpfh/D3WiORyeNtUBqYkImTuChe0byPdVuMW78stXcrL5/wdl0OTLg5ni96V/r4aSCEAvKLsK1azZVp6ayjdaStjc39/3Z1PDrzr9rjbYWt+b5yPoMyny6tzidu4n2j3IU+kgUHKxdax60DHZq1HS+zpP+dR43i+MTdYBgtG3MjYEO0Bx/kxp0YCoOKBkcltZ3fr4DMdP64WIRIkxgmagDmnDnY4c6p0FXcNQUYnl0ZNrlp9Dp7q/QQcmCTqIcZ1oAcHzx9KMxOZwCztQ+mb2q6xmKNv6dqSmOxRV1Z4nYeQAiW+rvMjLNdCdrow7vtC/Rc/akYDelRcO2vNYq2VGoSG3+VDZwxIn3T3y8CEUc0eqXcLxGhA2l4JMbnAR3rgbk5B6Tj6f8+6FqOqGtftpJBx+KAakmBCYQ2tv2a6lO3C6VmTcRzkKSjFIdk85gHNb8LoghOVA9O1WRA6NlFUOi5Cu5385LzEfvP26rP7BPNiWT2L1aaE4=
    HASURA_GRAPHQL_JWT_SECRET: >-
      AgCbJl5DKv0GOCXw16ETXZSa7CIfAdoZvsDWRp3KMBbxsOmWXLEH7UsFksf6mKZHwoGRaOmpkwiCbVWiArco0OphdaSbHIkAd3JJZCEIxSyOO9Jjmj8r2ZUcvDJdd6A/FqheLlfjnsCGJWUkxB9bL91AjwVvN4kn7gupqSTyXNu14z93pbmfuYJn1WM0dqtbqRZemYI/KKGWLxXGYpPxFP4R3eR7CUl6JHz039YkBG3e9qz2kzjnZMca+NPB+eayKINg03XnHHbClqQ4qzYuzvtvP31VqWZNHQUJhCXduweO9zUcZ4NX31W1aSXIEoT8wTCPdXo3RcF+/o6dU8IVxY160qqK9oRUQQ90keS811v1Vo4l9frAZBGuYQRP1E8BsrEdfRfTiwTQ7a2jDuvRs3C6Fpo4JgzRLoLQjaOESxfoVspGeR3JCXeAyWVQt0xg7WD8nRlpn2c1n9EccKjsgyhA0/TIJ37k62hES6+j5WOD9xJozNz9XJnsc+hHbgDvi+077e5fPghaHWvaH+g2j+2VswWq2rcd9DrYljG81TNdGwZoZV6bmOKjfr4RkvjSnNPHNT52zUVBDdFUv0nOIefeU480YA/wbAsdyI7x+uU14yi0FRB9lU5UEgN1/cEZiYNVFpE84lobWy4Z4lgRnpHi6n1cVvkvKPjF2Pu3F5b/3l+Ga/rQgYg+hIUSoykqiMPwFopyl4HcwDJ43nZuFmtPmfwPCV3BwdAgzYJoSTktOaVhxjrZvDNtrgvnJHn0N4KaAQVGw+FXTXiYDM0ZYa99zUZ+4mE35ojFCZdmVIadZjEOswC8pYKDGxqHxw==
    HASURA_GRAPHQL_DATABASE_URL: >-
      AgBgTYQQnOMqGzIshfFGlwd6LX8lZc8IK8owLUs+aKtEoUE+dkjMy0GRs+8EwWUqNeD4pmWAUsbvfwbhSZAPLQvZMF2MCVmandsCuM2nd4JKfBmNf8CAyMQhS7F3cWyzcfpY0KPRoY5+9FpPKAFjj3XTQtbXbqOKeqGhWoKzj4Ot4VGsEZ1onP2mp24mykLzrnUCcboRtRWmaaTCnvmTQ8dTWqqjLebf1Ldk2lgtUgCyGavx5ynwSII09j2/cwVf0Jex5XZ768gjIoZlBgFWlYuen2lCPIvILknU72hMQlP1blTHIQ99aFfdOeTERw/DNlRHtFeo2JSfM1X+z2hgapsx2VvGQQdGnAJvNF0QSzSUJctzMJ/d2SLhQnqkXWHAnBoY9VVwEney6vnOII1Pvyu0+fbdrQypCWRGx4Hqfridbg4MTIcywxuvbvanWKT20VnPoIoSCXDEfTnsdrRT5WqvhnFJqyDvmX4armdYKHtKGy5OLtoWTthRxvuMvrDqPJOf/rPY77WRExbFKuFg4j935hs3IwvEA6rAcufnxyoLGIf5riMAELDpFQszKsC2HyDH6KEYcW9KsFuItdRha6wtdA/dOG1tyJ9BsndJArXVpNx8m98QgRszdDOP5dDMAIGfvbzXof5yBRPvILt635LxtpBCz76milk7ZccMRnTPAJiybBadIhP60el4CWgeD97o96zaJulgl5l5Su/Rt44msmNLAxkh6k3+pvPbwyZ+lfYjChPHfsLKsW9KqgISm1AlpTk/PiFR9ScMolIFnttSLADS+LOiNL5RhPf7HLBZt6BKMgo3RDxFH0nSTdoMn4X8OtwFzewUKYzE/kXvpwGo7QcboyM3JdgmYD6msqKPodyVUe6Wpr00HImlYWpjqHp4/q98FXPWbGgH7FPM+pmK/WxQ0dSnSNRtjWES+wcCarU=
  template:
    metadata:
      annotations:
        kapp.k14s.io/disable-default-ownership-label-rules: ''
        kapp.k14s.io/disable-default-label-scoping-rules: ''
        app.github.com/job: '5678'
        app.github.com/ref: refs/tags/v1.2.3
        app.github.com/repo: socialgouv/carnet-de-bord
        app.github.com/run: '1234'
        app.github.com/sha: '0123456'
      name: hasura-sealed-secret
      labels:
        application: carnet-de-bord
        component: hasura
        owner: carnet-de-bord
        team: carnet-de-bord
    type: Opaque
---
apiVersion: v1
kind: ConfigMap
metadata:
  name: hasura-configmap
  annotations:
    kapp.k14s.io/disable-default-ownership-label-rules: ''
    kapp.k14s.io/disable-default-label-scoping-rules: ''
    app.github.com/job: '5678'
    app.github.com/ref: refs/tags/v1.2.3
    app.github.com/repo: socialgouv/carnet-de-bord
    app.github.com/run: '1234'
    app.github.com/sha: '0123456'
  labels:
    application: carnet-de-bord
    component: hasura
    owner: carnet-de-bord
    team: carnet-de-bord
  namespace: carnet-de-bord
data:
  HASURA_GRAPHQL_ENABLE_CONSOLE: 'false'
  HASURA_GRAPHQL_UNAUTHORIZED_ROLE: anonymous
  HASURA_GRAPHQL_ENABLED_LOG_TYPES: startup, http-log, webhook-log, websocket-log, query-log
  HASURA_GRAPHQL_NO_OF_RETRIES: '5'
  HASURA_GRAPHQL_SERVER_PORT: '80'
  HASURA_GRAPHQL_LOG_LEVEL: debug
---
apiVersion: v1
kind: Service
metadata:
  labels:
    app: hasura
    application: carnet-de-bord
    component: hasura
    owner: carnet-de-bord
    team: carnet-de-bord
  name: hasura
  annotations:
    kapp.k14s.io/disable-default-ownership-label-rules: ''
    kapp.k14s.io/disable-default-label-scoping-rules: ''
    app.github.com/job: '5678'
    app.github.com/ref: refs/tags/v1.2.3
    app.github.com/repo: socialgouv/carnet-de-bord
    app.github.com/run: '1234'
    app.github.com/sha: '0123456'
  namespace: carnet-de-bord
spec:
  ports:
    - name: http
      port: 80
      targetPort: 80
  selector:
    app: hasura
  type: ClusterIP
---
apiVersion: networking.k8s.io/v1
kind: Ingress
metadata:
  annotations:
    kubernetes.io/ingress.class: nginx
    cert-manager.io/cluster-issuer: letsencrypt-prod
    kubernetes.io/tls-acme: 'true'
    kapp.k14s.io/disable-default-ownership-label-rules: ''
    kapp.k14s.io/disable-default-label-scoping-rules: ''
    app.github.com/job: '5678'
    app.github.com/ref: refs/tags/v1.2.3
    app.github.com/repo: socialgouv/carnet-de-bord
    app.github.com/run: '1234'
    app.github.com/sha: '0123456'
  labels:
    app: hasura
    application: carnet-de-bord
    component: hasura
    owner: carnet-de-bord
    team: carnet-de-bord
  name: hasura
  namespace: carnet-de-bord
spec:
  rules:
    - host: hasura-carnet-de-bord.fabrique.social.gouv.fr
      http:
        paths:
          - backend:
              service:
                name: hasura
                port:
                  name: http
            path: /
            pathType: Prefix
  tls:
    - hosts:
        - hasura-carnet-de-bord.fabrique.social.gouv.fr
      secretName: hasura-crt
---
apiVersion: bitnami.com/v1alpha1
kind: SealedSecret
metadata:
  annotations:
    app.github.com/job: '5678'
    app.github.com/ref: refs/tags/v1.2.3
    app.github.com/repo: socialgouv/carnet-de-bord
    app.github.com/run: '1234'
    app.github.com/sha: '0123456'
  name: azure-pg-user
  namespace: carnet-de-bord
  labels:
    application: carnet-de-bord
    component: carnet-de-bord
    owner: carnet-de-bord
    team: carnet-de-bord
spec:
  encryptedData:
    DATABASE_URL: >-
      AgCSHGG9D2I8z4PS9uCPxH/PhlUKO+iDD0LDxcafvNQsZB4LSSQ5beOYByH1+UTITwNYUoLmiUyvYisSy2neMd75+J5tVamAph2KEOeHYtTOGInbqs+vsU0oxPk5pCp5CBpv++pOL5lxTmCJqo1wb6vOsWbyNMzGimpjdnNIIDdSmh2JXQuyi/W45YLigCBxbzklw4n8IU2c8PJUjWLVRDThjfajkjfn/PsgYUobT+59v4tw3EUhGScTrhGJso9bxBDL8cTrnPAmrAMJJ3+A1IknlSWX4pQjiitFMaFyIxTq8q2KYQ/gB9wHk+9xqadJG0UISLnT28LPfj/5JWbtJ2Qj008GZdUCiueND0S3LEBIVuI8dqQQbUBUBs4FXbokR/n1mmvCT8D9v489SYdD4+sjur6bMKxpOG3lus1xFWX6QyV5ZCJLeZ9iUtPUth8EmF13CaUfXlNVrfaP5+fC5mSFbs1rTDeOzcVT9W3ApjHbuo4azQrXxB9oSpSBlme0/Ubvpkp7sBCEEWdTuImPqZk9x2V/0xC7ak+OdenHLAopUSpgL+2qKxNJpdNsvPWgQAF+yv+vfu+oxC12Vmx1LxWZKknTF9+xiuEHL4dAg7obmRAxWJHWYm1C9ECF3FHtkmq0PbYa/WKYWqJIA5QaA9hOF/p2ZCqVfEot0V0xf93Qsi9EtdA1zxcQzlYs8Y+jtEex9w7QWSERXQwXv4+ThLqVq+feIdjK4iwn81RNs4KriZh1Lx60bz9R+m2r/ejhCVM1xH8cXninQ1OTOsfSpt5N53EwyCeQ3xbXrGjc9FgZo9xnz6AGw/psmMEzqKL95MVq8HMCf4Q0iCuo1eQDDGRvIp03z2QfQ8gPwodUi4ILV4rXKGBNYTguAzjvb1Z50z9jGY25GQ7UAwRIVvX1h+rzBytEiN+OgXftH5AvpbDboHI=
    PGDATABASE: >-
      AgCa+w8HY71PU2UDLR/6wra8pOnSzAAtExXTXlPt7BxQZ/t49WgdTxRKWVXEGRVsQsu156qpo6p+JzgQ8M42ds5V2Qt4edlL4kLDazp5odjvpEsHeWFcI+1x7FrmyU8yMISZaUyxc4cwgP9kC0/A/MnkquhBaOhjhBCy1CGnvU3gUIUpLW8ueI9pP2fifp0+YWGvwSOdVU+Om3Lukk2mPukooVuVoCUAQ4Z5NCpBsDl54VvnYw3kTkMJCnqXWRLbN60VrHm3wi+pIaC/tvkEcEbhCCRnjSjBZ8uxMJsAKjiiX/Mbi40pbsqj8NRjk1bwTFVIWdeK7DvVaeDuhDVRgSg+1+oLCy8D6vkbgawNRqgIqkuqbGCFizLzmwwRctqIkQco1KMkghxOFEoQOR+NhGieJn6BL2EiUIRoocHBpznYHPHlSmOvaF7t+suZUuIf0FmlIPcWmlsKY4nLkbuIP+KVtc8PpYOmve8GXdk3D4pVzy8nZnrBQP4OcJTlHCgFPFzJjqRODsdfenD9L+NIijb41D4zQ1MAOS39gaiCwouJweInnDxAzLtAbc449nrw9T/AgvE1NMefHKw5fkxCjdiRnh90Ls7Irx9AfGl9QiXysSMr23jvaDVZTGLyOUK74OJDKEQSlMC34uoWraRmxireA1cI0e9b+UhOEXgKhGiq1gycLRxhuUGGKs8Xa20mirUjxls+
    PGHOST: >-
      AgBygUuuyAoGtBE571vdXHS/4+R6A2X7TvhRygoqCvvir7VJsEnLQMe4aYsFWDfCr9/X6BCu7Zux0CkIVRS00Od4Z3fstV4W1T02nlYP+gtBZUQTdA2HWbwQVez9h5D7e/i7SAznXGsUj1D1j1uEX02O1il1L4CIjvio8tTJo1tJ5UQvIP8+kfIeGVUunNMDXAHvcQYSJ+dN+v+lCwowDxVTishPq1AWvT3IsSd5zGeEumoTBalaTJiqdSB+MxCGHwHyzxZ/W8HTMHX7OjMEXPgfJugDkURVF6O0hi11x1wLWvHsZAP7nCh7Yu1TbiLmYXwdXZ2C+vMb6X+qpVC6chxcd2FJufbiiu9+Lhg6jZSngvlUDJElHg1XCRIqz4mMEMeVH+NL+aJSNc40TpWJNKoWcc3GZ1tDC8+6C5OKHY2cPkp6zA1eOFHFGdZLmCfNWCEHLHQPHmrAxNw5OxXNGH+u6cRqXnBhKFYMRkMhzbtsfQGImesb8FyaReqxueZcxM7gsq8BNmLv4aXhd3QHa/98He1/UQ894QJ6ah52H7B659y0uZ06Q81fMtcWkyeprbpGxLvg97UHjK/nqxHbDL918c4F4Z0rXaEXpkb0Pm6Qq5dZSzbiTzk69/HicaPDltz5CxeNlIkIzBMJ+ieYSvZUP6iHuF8gXxmlXxRPasU4JUGwwUtjy2Z2wUoVaShDLaVAETRCny5GVpqg5oubViH64nQ3QVzSmGUyEOmMa15jvZMXtBLLoi7TwB62w0d7j8yszA==
    PGPASSWORD: >-
      AgCM7Am8itcLklKME1Z7Hy3I8V3ascxVvNJF9uCRRB+kWxr/2Q+xfIAJ8zpm/ZsUENwu+RFoDS3iwxokhQjAJMvg45wBgtP7olzCr2T3MY2Nn1KLWLRkEiL0rt+49DpxnI/Hj4mP06aMbvkd3y3arnuQ2u0wx6I4SPFe8Tdjva1r6JY/5yRtiaOzuee4GGBWF7SSuxAx/FDHfSK0EDLWYQmX8WiuYLYdhSez5OSMaOkHmnmS78hN8Ge8N6co/ZUBXdDcNQIhm1nCZ40i7WTO06ILXns7C/nAT7WotWp6/IKWh81mAEyNFba4U1YMeN9nxCxDSFopD3RCGDqtlqaeBd3WDsWeM0r0kQMIflSRfSbPggYWtxO6KZMZiQ6o7gUIsVPW7u3e5EBVK35x73ZaK4AbXDubtoETdtkp3wJIGHh8frrIzyqBR5S7aGvz6yPCKnmrO7Eg1WkkB/PRn1ivcKqPs6e0mO2Wvqvukub2PJZAzNKy1MWJx+8++PFC2yuU8lydCN1EM0G2Yk+ructTM2h6ale/ix6DIrK4PUw/E7vVuTx+mcNwQPo6gkj3lpQ0y4/N6zGmOgitbO/FTGWNByLcAQPhBY5NWe+SdaguC2GduE2RJvcZh9lEFdEJ5z021EMi0rfPZGnLLD+qYRahBNSgUm6qQpCS+vA5031ftfoZVEfmW1RX0C+6CRFEl+Hsbp/6F2/J8kGKzS+IFcm/7ahWpmB/4cWNbTIszDRrGw==
    PGSSLMODE: >-
      AgCIbXVk8t9JPFzIc5wBKut8r/ReKQjp/SpJFXr1D/tUTMx7bEKLcLOVq7w5v5hQH0r1k1pMHTukLP6Gd3bIkO2Ax6UbNZIwK40wRke1iQNjH4b/1k1T7etPK+Sv/7rUQNSMCRxfG2WrnhCm62jN1zXlExXs8ZZ5ZyYDveE3IA8Pvq/D7BRRor7m7F04rWt9Zoj5mXU3jeU7ZfcGW5cSAOKPRTzb0rLPD1QqYLivc1jNVqAKaFw6O0vGsC3ijJmZsAyeYybq6MyIMxtQDXavBbWhpNAX8QRWjkUvrlDAnWy1qKjG0qf8uPQmOTPhbsYkfybD2E5YTcrHZE1LR178Xf1cFjqpWYj+gerr8DVIC+4j0soP5x+bM7dZKjORKMJk75IoOezVeDkLNO+GhFFl2Bfg/BYdqqql1c/1Raz6WuH410uPx7pzho68D2kuyUyVUKo7j7PYgKH8T3TwzegI51NMOHskl87fFIhY4LMj/DsTXnRQnPl0wDKr9qFRTfFaZY1rrZf+3Igx9FsTVsucrNML5SLPSydQa+3bSQuP5UsqNebrSg0jPYqy2qYBULy8P/DVNKNOjnwTLHOqFsw9x94OR6o+6bmbBbGzwFoqc2ecElzn8m+BMwWO/B7G8yGvSOPffdh1jzfr4dP7E5dLGgosVynfg23eByHZBvqAIlc2rSEcIMogdn3L8fO/j7dMeZUxDiOu2ddN
    PGUSER: >-
      AgAojmugNo76oJWGo1rRBY+B+pH44nvJMWNaj4gyuBBVnS1dOE66qtXGLyeXm9JkVAtkryP5rL4ffebSMOdgfg6mLFDNL+KHFclSMTFjYJp+pd9vipD1aQCMC93RQOykClZ/rIh97iIsYkRjKD3H170vFzYn/g2iejR/pPismARGR/pFeR7Q0Dfuunyy/RzQP8hTFpRoyfYeOwQD1CCWUequWKx0SNimidL1W8Pd/FTPEfT4ZLDFxw02Ig6fDzGrUyyCEyI3wfTXDnblwn7Op6XeAiHriPPW4MSnd7SRSLNZHFayyiq2HqKA6GC3jrjQlcqp0LAZYBnTnwm8yCmkhMxjb95jTgVk5AhC4zEo3IMJIVb134cObk6lhufpN1ycT+TOTmA24wf8ECZqg+ZTH2RnYlEer3hffBvG/+p4KHJjeUGQhw/lgbUEQI6G2GycL83ncfEUw1ESpppa65o0LeRMGXyY7EN3ooxXBMznuMdW8nmzhmSIN2Jn90t3j9q59QIDr9b+opQ4rNyiJhN5henz1/csDiG9xdDqDan/4FEfG2aWfEsoAtZc0dQ5c7w34LVx8xwHUfo48Eh2VbFpTXdYCF1UuuUKp2NKX2JmX67dgxvoS5LOMsylazro+Ty9nWmf4QyDD/a1xVlc/ZCBN7w040QohMTpCbK9W+w+cyo5MielYJORK4yfUGM+m6VibnUzKSPJeKwA1ZC1q9/hFPRvFb4Yw2EjPWhb2IJlCHnFytWQx2J7wRa7U4dGuU/ceS7YiLNwNlmwGukw5L8=
  template:
    metadata:
      annotations:
        app.github.com/job: '5678'
        app.github.com/ref: refs/tags/v1.2.3
        app.github.com/repo: socialgouv/carnet-de-bord
        app.github.com/run: '1234'
        app.github.com/sha: '0123456'
      name: azure-pg-user
      labels:
        application: carnet-de-bord
        component: carnet-de-bord
        owner: carnet-de-bord
        team: carnet-de-bord
    type: Opaque
"
`;
