// Jest Snapshot v1, https://goo.gl/fbAQLP

exports[`kosko generate --dev 1`] = `
"---
apiVersion: apps/v1
kind: Deployment
metadata:
  annotations:
    kapp.k14s.io/disable-default-ownership-label-rules: ''
    kapp.k14s.io/disable-default-label-scoping-rules: ''
    kapp.k14s.io/delete-strategy: orphan
    app.github.com/job: '5678'
    app.github.com/ref: refs/heads/mybranch
    app.github.com/repo: socialgouv/carnet-de-bord
    app.github.com/run: '1234'
    app.github.com/sha: '0123456'
  labels:
    app: app
    application: carnet-de-bord
    component: carnet-de-bord
    owner: carnet-de-bord
    team: carnet-de-bord
    cert: wildcard
  name: app
  namespace: carnet-de-bord-mybranch
spec:
  replicas: 1
  selector:
    matchLabels:
      app: app
  template:
    metadata:
      annotations:
        kapp.k14s.io/disable-default-ownership-label-rules: ''
        kapp.k14s.io/disable-default-label-scoping-rules: ''
        kapp.k14s.io/delete-strategy: orphan
        app.github.com/job: '5678'
        app.github.com/ref: refs/heads/mybranch
        app.github.com/repo: socialgouv/carnet-de-bord
        app.github.com/run: '1234'
        app.github.com/sha: '0123456'
      labels:
        app: app
        application: carnet-de-bord
        component: carnet-de-bord
        owner: carnet-de-bord
        team: carnet-de-bord
        cert: wildcard
    spec:
      containers:
        - image: >-
            ghcr.io/socialgouv/carnet-de-bord/app:sha-0123456789abcdefghijklmnopqrstuvwxyz0123
          livenessProbe:
            failureThreshold: 6
            httpGet:
              path: /healthz
              port: 3000
            initialDelaySeconds: 30
            periodSeconds: 15
            timeoutSeconds: 5
          name: app
          ports:
            - containerPort: 3000
              name: http
          readinessProbe:
            failureThreshold: 15
            httpGet:
              path: /healthz
              port: 3000
            initialDelaySeconds: 30
            periodSeconds: 15
            successThreshold: 1
            timeoutSeconds: 1
          resources:
            limits:
              cpu: 200m
              memory: 256Mi
            requests:
              cpu: 50m
              memory: 128Mi
          startupProbe:
            failureThreshold: 12
            httpGet:
              path: /healthz
              port: 3000
            periodSeconds: 15
            initialDelaySeconds: 30
          envFrom:
            - secretRef:
                name: azure-pg-user-mybranch
            - secretRef:
                name: app-sealed-secret
            - configMapRef:
                name: app-configmap
          env:
            - name: APP_URL
              value: https://carnet-de-bord-mybranch.dev2.fabrique.social.gouv.fr
            - name: VITE_GRAPHQL_API_URL
              value: >-
                https://hasura-carnet-de-bord-mybranch.dev2.fabrique.social.gouv.fr/v1/graphql
      initContainers:
        - env:
            - name: WAIT_FOR_RETRIES
              value: '24'
          envFrom:
            - secretRef:
                name: azure-pg-user-mybranch
          image: ghcr.io/socialgouv/docker/wait-for-postgres:6.56.1
          imagePullPolicy: Always
          name: wait-for-postgres
          resources:
            limits:
              cpu: 20m
              memory: 32Mi
            requests:
              cpu: 5m
              memory: 16Mi
---
apiVersion: bitnami.com/v1alpha1
kind: SealedSecret
metadata:
  annotations:
    sealedsecrets.bitnami.com/cluster-wide: 'true'
    kapp.k14s.io/disable-default-ownership-label-rules: ''
    kapp.k14s.io/disable-default-label-scoping-rules: ''
    kapp.k14s.io/delete-strategy: orphan
    app.github.com/job: '5678'
    app.github.com/ref: refs/heads/mybranch
    app.github.com/repo: socialgouv/carnet-de-bord
    app.github.com/run: '1234'
    app.github.com/sha: '0123456'
  name: app-sealed-secret
  namespace: carnet-de-bord-mybranch
  labels:
    application: carnet-de-bord
    component: carnet-de-bord
    owner: carnet-de-bord
    team: carnet-de-bord
    cert: wildcard
spec:
  encryptedData:
    HASURA_GRAPHQL_ADMIN_SECRET: >-
      AgA4CxVpUuHJca7pQWsnYgKNW4q5EU2d2mrr87FN10DtzjgPMJL5hXRDKQpr0sz3/Vo7jxZ1YIdecTcI+Dl0ordD0LMnwLl42TJx1ZOjy+2Crk6DhE/lM/Ull+pb4hbTzwnOTA3dPrO7uqY9wRO/kURGzq/UuA5vwQ8fEgh7vn2bVgCHuAlpLo5Z+D79yKmGDblOEdrnsKxY2qb06E2MhN7PhHbKMH7iM0QsOBud/EYEE6Nd/tSu22LtZqJf+nNJJCzHEqzDS2Av9hGOGKClNZHcsFZ2hIs5iehIm74z+6IUtnMy2CYhQQYr2qkai57vUNtQfp9r7RY2YabELXTohAqLm4QfKlLKygwG0iILRj/s6I9IX5O4UYU+WTx9dENB3tvYKcqAMsnIai5y3aIvq8o1Y4sK+e+8LGqGEL0iiWVMxQ0pKoCQCZap6hQ80uTqyd+sPD8JwrU8fg6IEKwzjmZa7cc3xZHmi1NeEbCwICetMPtnnklsLSifhBxOir3B1gqo1zBXHqq6AB0kJA1LxMoNJIbKGQGySPqe0hTdsjB/jEwxZm2+PwCFOV8jh1bWNrE94/CWoY4gNTKngRIaZ50if7Kro6zD4ASAuRdsTizWUPscrhB+b6Z1aXmZG1GhkPaZSWnMGWKXP/jEhYoVMFHQ8HVQMCrrUZcHds7QJXv2cLVLE66X01u24W8FQw/OV3zHfPPxDw==
    HASURA_GRAPHQL_JWT_SECRET: >-
      AgCwsD2CYobZjHDtP9FGEV1UUvEq9YPg5B3lKzgzZP+00PZCUkcasK2BY+Yicr5JIeVBgz5Yr8PTU+LgGJO963lcE/eOQDw8mvyp++mXRBBd28z5qN5j//Hw4jzfSCTbuRYeXHAV8jKtWM7CQoh9QTN7MbLfM4Ni7qDhpJK1bEmhqLiTFcP5utlo6ZgcSoOS1vsrHV4Ygnhzr90Ldn9O3mLR9jsJlQvltEiqXD1K3jfKLPvhThjwYkNydxKCCaer+NVgoWi5ETiQDJpbIycgzIruiLvU90E4QXid8LQykFsJtAUEziuMXBtKwng/RIXarEtQoh6XU0CUJX+kZ/M0k/tDFhHNaxqFffVrCAMgVArHD9SkzzyE1AQLDX5sGofWNMVY57tuNS7xFVOvS909044vK6x5Z42elrjBVoqQl/+KvFPrMYzvQWALN07KX6xttDOsSKvN5CG7dS2jVgrHCaxtV2Yp3uXoklyzMEQ2OQw4VSjANNyY/q0GwaqaEm2JgHTQe7N6rlsHQBmtkL4KN/QNQMrT91o049rsIH2wofroOuLfdaNvc89USOWR93aKWvwY1TT74cFglbbn6wM+bhOptOkz9QBmEXnXvghgeiu+LZIbl5LWcGEoUL4AVFzm9dHW2pM1q6iuafqYxVwYshdSksdOnlFEElwCeEfn295Q1RVCSlwQYra2ESQ7RyhHK+5Y4+X0SYNYHr7cgOPOWahYbHq9oSJzVHWWDyv9QiuN5knNSGiESgXNWYRCTMoxcZocG5TTUVwyN+Q58x1l1x8YcU/SAPIEBi/7N8lbqgulT/QwYWra3q6alUOCWGL2
    SMTP_USER: >-
      AgAXNq/uGKu/GLtFa9yTft8UkynVCNwoM3+qPp/LgBuUMsrxYUpGCOAJ3OdbdarE1zh4ZRneax2BVf+amQNxRUWespttHeUjDHI3SRFbddknJs+2qS9fT4QM74GcamAK3/7mqEs2FqjHMMiXlGBDW8N9A52sNPNGDICVQ9TMQ3iyiuC4Uxi/NYFl3rp0g3C1CwH4xFCt3VV+pY7oy0xs41ooLzLxSHR8YxYXuOz9b9+9K0jW081mN5tiP5N2mhfEqN/wzz8ZsXJm6PsJvaMnh6Q7IsnxhFAtsKiKuI9Ssl/r0qaWigwSyjoBwZWz9uuOIK9jUBqJ/I0JeXVIz5Vd99Y/YcJmTwyUK8LK8aXLxdJ/jAN7v6UWXW9QUpaRoZp6mTdl4oRAVxlqlIZS1FKebXisRKY+kDStAxCvRsQUtU/sXRb4lb8xbkSAC+7frLVlO/bc/0PGw3BMVTPxjmryyZpy1DZtTaplKA6EhCMby8gbCXnde4hT0jFwkKFSumFBkeMvaBo0qF0GBv/xynUsFMHxJ9JjZPTxjH0P/zAbLYcPdRitDNSL8yOHxZstP33i2+o7Bz89/Dm/H6hMuSQ+otDR7Cs08wYgaDKFu/d9l6IKs9D4Dnu1TLL/TZweMytLRtJWv51Pk+Sw+Ef9xGVFMDkiKXQm8Z6fDPUwIeiHkHVdC63JOH5VJXWW5X4c1QhnZIc7WXem7l/ZBbgmLeG+ow==
    SMTP_PASS: >-
      AgBXzxOkVJWlDUXn/0hhALjFaJPy34DnU2Gi2qWRHKFrc8WTE+zux/WbnoprLut5x3WsORjgpEZ8vUPqA3VKyAy3tEyFa5Q4baT9FWiKE+TvaW6tTDYhtw+qfVuLhBsnBJQ/M2nQZ7zI78Kun2GQvosbLEFFPf9Ye+ADixds/lzml7AMo/pBpvnbaqhdM0G4H8u7RsM5QasJfynVuZ7noiSzQMVAB1szrgutflOjh0v7GO2QKtLKMEMb7f75a/ffSeMWGkS0sdIt4RO4dgwme2N9OFdmXVjt8o8KmXQk8Qb8kDg0EhhY3oimyq2ePLnhRsIbGgGyF37MUUwEsGDDo6TvMDGNYCaBGRGEkrvyriq85MUBd55I6Ubi0cqoYJO1Tv0DTmS6DH4cSy/yDX4U2YHzaeenOCXknlm99G6URTj64zi+DBrd/Yph+FT79oiZI2/yL53WxiiRspCVIYpuFfw+IyWcRH66u2oehdR6tOrIDeNghAX//dPaiYmQ3KY385r6OOupMJbLBVaV+3sKLczfnZHP3gBAO6Fa96hBLbEK8bxwXRqqEINgZXUVkSt8V2DMYCkAB1cFT90NnyRMDB5CINtYrabiUqbIXriJAj96P90lpc+052Hv9ywHuxoVD1BZfx7cANYnN78YEiMKLSpafqFhoOzl4xZF1kIRUHydvpMYrLgUW5mx93hZ8v8BDv46KGyp/K/9ezvcXxEHwA==
    API_PARTICULIER_TOKEN_PE: >-
      AgBmkylGfDjMraqrsiT3ecygstqzunaBgIYgz0C4Tdao88IYUiEN7N1HooPi5x6M7pLp3f/ba7icHS+cFJ8dsg5gmveUkD/dU4ABMo8Ee/sVxuYDzrFgkRK5vP+ZUwj9CR1YYRW4dQu6vgzTmBv6OMxcmoMAKoQuHnOtpm6t/l/GOkfnKhXxTXDMmLidmHp+c3Y3d5Etmerpv2GMW9wG0cBBd3Dp571seObe2DZUxM9HHmAH+cB77681cz/FI2mVm9QfclPswOw+EyExu77Qz5/2BSrRmQqDBwSzuqqbR6ErZKt43l2DeIJowA0uTDN/AZWpHUeZXtwgFEL+A9KrFW21Lrsagosc/cCUNFRZ/zg30XLN1d5D4HOrD0DbXcfKC+CL/3qkLGPy310lhRA3Nxms5m0ooeMCFNaQynfqT+Zwr+x4QkLdaMvHGVmbzx4g0EsXtiYwbzS0vfA81urTYx8PAvP+QOsTO1Z3c8YA7/lDOlIYVqIzt6SuHoobbsx0JrRH9VSACi6FkqyZiFdF5SYpzqE7PecrmYMFHetgIDtdyj+rMRzuXO3KpozYc6Iyy7x6boRc8t5UbF5T9kLMd/9EwS6/svemRod+A5IpHBvyPGniwNuuG7t6BcxZdmC7XUWmE5VaOrh/EC2SMIBHvHUYwvjQls7autJMdgu8UQowF9mEsuL6het2mqR5OX9K9WzdmK6Z+jnCv2GoDaAMTP09mqOJaN30vqZW8tuQzb0UqQ==
    API_PARTICULIER_TOKEN_CAF: >-
      AgCdo1Z28vdLQ3Z92MDSDR3fDbatqZ5wlL0pGXAUTfW7OEqkWKAdw0m1WzQgARzcubwJV28O1Ok/yWDyp+tOUWH2bBb74HT+PaxsswWjsrh00X5pjoSgMhg1oTgcV5VphUBj9uEcWBKn1UBPCIHcgbUecRWvx19VYk1sc5cj4q8N3u8fTAbcPd52iC7CThMyE5Zu+n8Kjgx0i3nnhU/Lo4Y2x5n9e+rPVyQU8XS9RDS9squ1+g6nfHkjeijVhLPK9/Sqt4+GJfH+g1nZvn7FaB7Lk33FvDfG5k8K02TV0b6KCxQxFUJ+DttPSj4+mZ02U7OfQ2xFfoaNmwODTURY1qBn7SMFCaN+FwXQSlJ+h4cuFj6Nfs1bYaWsjqqd5WNBOLSt7Mm3c6XMl9W7tXfS21k7O964zCgeNbs8Y8HKufC3YR7iQ0dcbj8+/A6fCh+kiIPKxpedPE9ZZ1P/xGeHw19OVDFURUVt3fciyEs0WP8Zvvv3s3bdlwfnNQ45kxW5HE631JJwaXGa8PeSiM4AsO7ZZyf99aQ2j9N+sfR11a6MeoOtE8zWwZvi32wsHs/TWGYgjxvP83Z1V54hipxaXsS5a0snnZk6xm6gkLi5wtPU0EYwXqAk+RXFdFyDnODCgP4do4Ar2wWSuSmltbg8FbrVz5F+yIP3hd4Wx4V49HDwaB8YV75DPEErr6b0dZbF8AjDScruqDNIDDdxksc5+Oc5HRuvBkkcsH4Qg0KMwrilyBhF6EU=
    ACTION_SECRET: >-
      AgCXpJZR72Cs8eBhxAdeDb21TppfpiK37kNQdkcv4zv2KD6lY30IPI6hG8PFdFfeyhnaby0Rj9U7qpt1lsv7y7MBFzAVkoZduQLQIUAHfptnK4YbNPWNuDP4KLm6gDcNdhbEFXMonI/aZ3WgYi1KhrMBiQX9i881fENLPIqdCHkQ9zHh7CNfzvYpzIVKXfwwAG+5oGvZDu8ySx9DZa5FXETbT9/NI9Pb4mdmPxjd/rQRgAdvtBia4Q/elfw9lSDAqWHf//UmvURarGrFri3u0gHPcP5tMzAfcHceaDPt5NkrLYOVDwaIzOomYGEKPHg1M9qv92eNIvR1uu88sSFZy8qVXsI4U2/sO7Bbm2LqYPXfgVPvkXiFOiXsy88jsqCewIy8gFjfeDeG5z+lS8YZghfJNAdOHe0T0DuKpiOIc+hVubJpu71lXjsHhBy+96Q/IyVr/bOCUnI0AjcUiCzNYBS65dJSTdpG6xaQ4GaHV2UUrp7yqmz0ocs+UcV+Q8EgUAnbKJIdsSUg6JjT9zSFHvfgI76/CTMaE/k8DbvLNyH9/d7nzPI1HmvFjqFGPaTGnt388FUuGyzYPNXVzPvVXrR+ik9f5hF/37ixttrwk4EujjVXzppQWtzVpIVgJMYf7u+8nOvPnH+pen8Icy6K7y4FUcLKGY+f4bp+l5AeiA+thNPAWKdM2LavSpXeX0JTEtGyBY++inZ/2xijN4tlkwEm6K7L
  template:
    metadata:
      annotations:
        sealedsecrets.bitnami.com/cluster-wide: 'true'
        kapp.k14s.io/disable-default-ownership-label-rules: ''
        kapp.k14s.io/disable-default-label-scoping-rules: ''
        kapp.k14s.io/delete-strategy: orphan
        app.github.com/job: '5678'
        app.github.com/ref: refs/heads/mybranch
        app.github.com/repo: socialgouv/carnet-de-bord
        app.github.com/run: '1234'
        app.github.com/sha: '0123456'
      name: app-sealed-secret
      labels:
        application: carnet-de-bord
        component: carnet-de-bord
        owner: carnet-de-bord
        team: carnet-de-bord
        cert: wildcard
    type: Opaque
---
apiVersion: v1
kind: ConfigMap
metadata:
  name: app-configmap
  annotations:
    kapp.k14s.io/disable-default-ownership-label-rules: ''
    kapp.k14s.io/disable-default-label-scoping-rules: ''
    kapp.k14s.io/delete-strategy: orphan
    app.github.com/job: '5678'
    app.github.com/ref: refs/heads/mybranch
    app.github.com/repo: socialgouv/carnet-de-bord
    app.github.com/run: '1234'
    app.github.com/sha: '0123456'
  labels:
    application: carnet-de-bord
    component: carnet-de-bord
    owner: carnet-de-bord
    team: carnet-de-bord
    cert: wildcard
  namespace: carnet-de-bord-mybranch
data:
  SMTP_HOST: smtp.mailtrap.io
  SMTP_PORT: '2525'
  SMTP_FROM: support.carnet-de-bord@fabrique.social.gouv.fr
  API_PARTICULIER_URL: https://particulier-test.api.gouv.fr/api
  SANDBOX_LOGIN: 'true'
---
apiVersion: v1
kind: Service
metadata:
  labels:
    app: app
    application: carnet-de-bord
    component: carnet-de-bord
    owner: carnet-de-bord
    team: carnet-de-bord
    cert: wildcard
  name: app
  annotations:
    kapp.k14s.io/disable-default-ownership-label-rules: ''
    kapp.k14s.io/disable-default-label-scoping-rules: ''
    kapp.k14s.io/delete-strategy: orphan
    app.github.com/job: '5678'
    app.github.com/ref: refs/heads/mybranch
    app.github.com/repo: socialgouv/carnet-de-bord
    app.github.com/run: '1234'
    app.github.com/sha: '0123456'
  namespace: carnet-de-bord-mybranch
spec:
  ports:
    - name: http
      port: 80
      targetPort: 3000
  selector:
    app: app
  type: ClusterIP
---
apiVersion: networking.k8s.io/v1
kind: Ingress
metadata:
  annotations:
    kubernetes.io/ingress.class: nginx
    kapp.k14s.io/disable-default-ownership-label-rules: ''
    kapp.k14s.io/disable-default-label-scoping-rules: ''
    kapp.k14s.io/delete-strategy: orphan
    app.github.com/job: '5678'
    app.github.com/ref: refs/heads/mybranch
    app.github.com/repo: socialgouv/carnet-de-bord
    app.github.com/run: '1234'
    app.github.com/sha: '0123456'
  labels:
    app: app
    application: carnet-de-bord
    component: carnet-de-bord
    owner: carnet-de-bord
    team: carnet-de-bord
    cert: wildcard
  name: app
  namespace: carnet-de-bord-mybranch
spec:
  rules:
    - host: carnet-de-bord-mybranch.dev2.fabrique.social.gouv.fr
      http:
        paths:
          - backend:
              service:
                name: app
                port:
                  name: http
            path: /
            pathType: Prefix
  tls:
    - hosts:
        - carnet-de-bord-mybranch.dev2.fabrique.social.gouv.fr
      secretName: wildcard-crt
---
apiVersion: apps/v1
kind: Deployment
metadata:
  annotations:
    kapp.k14s.io/disable-default-ownership-label-rules: ''
    kapp.k14s.io/disable-default-label-scoping-rules: ''
    kapp.k14s.io/delete-strategy: orphan
    app.github.com/job: '5678'
    app.github.com/ref: refs/heads/mybranch
    app.github.com/repo: socialgouv/carnet-de-bord
    app.github.com/run: '1234'
    app.github.com/sha: '0123456'
  labels:
    app: hasura
    application: carnet-de-bord
    component: hasura
    owner: carnet-de-bord
    team: carnet-de-bord
    cert: wildcard
  name: hasura
  namespace: carnet-de-bord-mybranch
spec:
  replicas: 1
  selector:
    matchLabels:
      app: hasura
  template:
    metadata:
      annotations:
        kapp.k14s.io/disable-default-ownership-label-rules: ''
        kapp.k14s.io/disable-default-label-scoping-rules: ''
        kapp.k14s.io/delete-strategy: orphan
        app.github.com/job: '5678'
        app.github.com/ref: refs/heads/mybranch
        app.github.com/repo: socialgouv/carnet-de-bord
        app.github.com/run: '1234'
        app.github.com/sha: '0123456'
      labels:
        app: hasura
        application: carnet-de-bord
        component: hasura
        owner: carnet-de-bord
        team: carnet-de-bord
        cert: wildcard
    spec:
      containers:
        - image: >-
            ghcr.io/socialgouv/carnet-de-bord/hasura:sha-0123456789abcdefghijklmnopqrstuvwxyz0123
          livenessProbe:
            failureThreshold: 6
            httpGet:
              path: /healthz
              port: http
            initialDelaySeconds: 30
            periodSeconds: 5
            timeoutSeconds: 5
          name: hasura
          ports:
            - containerPort: 80
              name: http
          readinessProbe:
            failureThreshold: 15
            httpGet:
              path: /healthz
              port: http
            initialDelaySeconds: 0
            periodSeconds: 5
            successThreshold: 1
            timeoutSeconds: 1
          resources:
            limits:
              cpu: 500m
              memory: 512Mi
            requests:
              cpu: 100m
              memory: 64Mi
          startupProbe:
            failureThreshold: 20
            httpGet:
              path: /healthz
              port: http
            periodSeconds: 10
            initialDelaySeconds: 30
            successThreshold: 1
            timeoutSeconds: 5
          envFrom:
            - secretRef:
                name: azure-pg-user-mybranch
            - secretRef:
                name: hasura-sealed-secret
            - configMapRef:
                name: hasura-configmap
      initContainers:
        - env:
            - name: WAIT_FOR_RETRIES
              value: '24'
          envFrom:
            - secretRef:
                name: azure-pg-user-mybranch
          image: ghcr.io/socialgouv/docker/wait-for-postgres:6.56.1
          imagePullPolicy: Always
          name: wait-for-postgres
          resources:
            limits:
              cpu: 20m
              memory: 32Mi
            requests:
              cpu: 5m
              memory: 16Mi
---
apiVersion: bitnami.com/v1alpha1
kind: SealedSecret
metadata:
  annotations:
    sealedsecrets.bitnami.com/cluster-wide: 'true'
    kapp.k14s.io/disable-default-ownership-label-rules: ''
    kapp.k14s.io/disable-default-label-scoping-rules: ''
    kapp.k14s.io/delete-strategy: orphan
    app.github.com/job: '5678'
    app.github.com/ref: refs/heads/mybranch
    app.github.com/repo: socialgouv/carnet-de-bord
    app.github.com/run: '1234'
    app.github.com/sha: '0123456'
  name: hasura-sealed-secret
  namespace: carnet-de-bord-mybranch
  labels:
    application: carnet-de-bord
    component: hasura
    owner: carnet-de-bord
    team: carnet-de-bord
    cert: wildcard
spec:
  encryptedData:
    HASURA_GRAPHQL_ADMIN_SECRET: >-
      AgA4CxVpUuHJca7pQWsnYgKNW4q5EU2d2mrr87FN10DtzjgPMJL5hXRDKQpr0sz3/Vo7jxZ1YIdecTcI+Dl0ordD0LMnwLl42TJx1ZOjy+2Crk6DhE/lM/Ull+pb4hbTzwnOTA3dPrO7uqY9wRO/kURGzq/UuA5vwQ8fEgh7vn2bVgCHuAlpLo5Z+D79yKmGDblOEdrnsKxY2qb06E2MhN7PhHbKMH7iM0QsOBud/EYEE6Nd/tSu22LtZqJf+nNJJCzHEqzDS2Av9hGOGKClNZHcsFZ2hIs5iehIm74z+6IUtnMy2CYhQQYr2qkai57vUNtQfp9r7RY2YabELXTohAqLm4QfKlLKygwG0iILRj/s6I9IX5O4UYU+WTx9dENB3tvYKcqAMsnIai5y3aIvq8o1Y4sK+e+8LGqGEL0iiWVMxQ0pKoCQCZap6hQ80uTqyd+sPD8JwrU8fg6IEKwzjmZa7cc3xZHmi1NeEbCwICetMPtnnklsLSifhBxOir3B1gqo1zBXHqq6AB0kJA1LxMoNJIbKGQGySPqe0hTdsjB/jEwxZm2+PwCFOV8jh1bWNrE94/CWoY4gNTKngRIaZ50if7Kro6zD4ASAuRdsTizWUPscrhB+b6Z1aXmZG1GhkPaZSWnMGWKXP/jEhYoVMFHQ8HVQMCrrUZcHds7QJXv2cLVLE66X01u24W8FQw/OV3zHfPPxDw==
    HASURA_GRAPHQL_JWT_SECRET: >-
      AgCwsD2CYobZjHDtP9FGEV1UUvEq9YPg5B3lKzgzZP+00PZCUkcasK2BY+Yicr5JIeVBgz5Yr8PTU+LgGJO963lcE/eOQDw8mvyp++mXRBBd28z5qN5j//Hw4jzfSCTbuRYeXHAV8jKtWM7CQoh9QTN7MbLfM4Ni7qDhpJK1bEmhqLiTFcP5utlo6ZgcSoOS1vsrHV4Ygnhzr90Ldn9O3mLR9jsJlQvltEiqXD1K3jfKLPvhThjwYkNydxKCCaer+NVgoWi5ETiQDJpbIycgzIruiLvU90E4QXid8LQykFsJtAUEziuMXBtKwng/RIXarEtQoh6XU0CUJX+kZ/M0k/tDFhHNaxqFffVrCAMgVArHD9SkzzyE1AQLDX5sGofWNMVY57tuNS7xFVOvS909044vK6x5Z42elrjBVoqQl/+KvFPrMYzvQWALN07KX6xttDOsSKvN5CG7dS2jVgrHCaxtV2Yp3uXoklyzMEQ2OQw4VSjANNyY/q0GwaqaEm2JgHTQe7N6rlsHQBmtkL4KN/QNQMrT91o049rsIH2wofroOuLfdaNvc89USOWR93aKWvwY1TT74cFglbbn6wM+bhOptOkz9QBmEXnXvghgeiu+LZIbl5LWcGEoUL4AVFzm9dHW2pM1q6iuafqYxVwYshdSksdOnlFEElwCeEfn295Q1RVCSlwQYra2ESQ7RyhHK+5Y4+X0SYNYHr7cgOPOWahYbHq9oSJzVHWWDyv9QiuN5knNSGiESgXNWYRCTMoxcZocG5TTUVwyN+Q58x1l1x8YcU/SAPIEBi/7N8lbqgulT/QwYWra3q6alUOCWGL2
    ACTION_SECRET: >-
      AgCXpJZR72Cs8eBhxAdeDb21TppfpiK37kNQdkcv4zv2KD6lY30IPI6hG8PFdFfeyhnaby0Rj9U7qpt1lsv7y7MBFzAVkoZduQLQIUAHfptnK4YbNPWNuDP4KLm6gDcNdhbEFXMonI/aZ3WgYi1KhrMBiQX9i881fENLPIqdCHkQ9zHh7CNfzvYpzIVKXfwwAG+5oGvZDu8ySx9DZa5FXETbT9/NI9Pb4mdmPxjd/rQRgAdvtBia4Q/elfw9lSDAqWHf//UmvURarGrFri3u0gHPcP5tMzAfcHceaDPt5NkrLYOVDwaIzOomYGEKPHg1M9qv92eNIvR1uu88sSFZy8qVXsI4U2/sO7Bbm2LqYPXfgVPvkXiFOiXsy88jsqCewIy8gFjfeDeG5z+lS8YZghfJNAdOHe0T0DuKpiOIc+hVubJpu71lXjsHhBy+96Q/IyVr/bOCUnI0AjcUiCzNYBS65dJSTdpG6xaQ4GaHV2UUrp7yqmz0ocs+UcV+Q8EgUAnbKJIdsSUg6JjT9zSFHvfgI76/CTMaE/k8DbvLNyH9/d7nzPI1HmvFjqFGPaTGnt388FUuGyzYPNXVzPvVXrR+ik9f5hF/37ixttrwk4EujjVXzppQWtzVpIVgJMYf7u+8nOvPnH+pen8Icy6K7y4FUcLKGY+f4bp+l5AeiA+thNPAWKdM2LavSpXeX0JTEtGyBY++inZ/2xijN4tlkwEm6K7L
  template:
    metadata:
      annotations:
        sealedsecrets.bitnami.com/cluster-wide: 'true'
        kapp.k14s.io/disable-default-ownership-label-rules: ''
        kapp.k14s.io/disable-default-label-scoping-rules: ''
        kapp.k14s.io/delete-strategy: orphan
        app.github.com/job: '5678'
        app.github.com/ref: refs/heads/mybranch
        app.github.com/repo: socialgouv/carnet-de-bord
        app.github.com/run: '1234'
        app.github.com/sha: '0123456'
      name: hasura-sealed-secret
      labels:
        application: carnet-de-bord
        component: hasura
        owner: carnet-de-bord
        team: carnet-de-bord
        cert: wildcard
    type: Opaque
---
apiVersion: v1
kind: ConfigMap
metadata:
  name: hasura-configmap
  annotations:
    kapp.k14s.io/disable-default-ownership-label-rules: ''
    kapp.k14s.io/disable-default-label-scoping-rules: ''
    kapp.k14s.io/delete-strategy: orphan
    app.github.com/job: '5678'
    app.github.com/ref: refs/heads/mybranch
    app.github.com/repo: socialgouv/carnet-de-bord
    app.github.com/run: '1234'
    app.github.com/sha: '0123456'
  labels:
    application: carnet-de-bord
    component: hasura
    owner: carnet-de-bord
    team: carnet-de-bord
    cert: wildcard
  namespace: carnet-de-bord-mybranch
data:
  HASURA_GRAPHQL_ENABLE_CONSOLE: 'false'
  HASURA_GRAPHQL_UNAUTHORIZED_ROLE: anonymous
  HASURA_GRAPHQL_ENABLED_LOG_TYPES: startup, http-log, webhook-log, websocket-log, query-log
  HASURA_GRAPHQL_SERVER_PORT: '80'
  HASURA_GRAPHQL_LOG_LEVEL: debug
  ACTION_BASE_URL: http://app/actions
---
apiVersion: v1
kind: Service
metadata:
  labels:
    app: hasura
    application: carnet-de-bord
    component: hasura
    owner: carnet-de-bord
    team: carnet-de-bord
    cert: wildcard
  name: hasura
  annotations:
    kapp.k14s.io/disable-default-ownership-label-rules: ''
    kapp.k14s.io/disable-default-label-scoping-rules: ''
    kapp.k14s.io/delete-strategy: orphan
    app.github.com/job: '5678'
    app.github.com/ref: refs/heads/mybranch
    app.github.com/repo: socialgouv/carnet-de-bord
    app.github.com/run: '1234'
    app.github.com/sha: '0123456'
  namespace: carnet-de-bord-mybranch
spec:
  ports:
    - name: http
      port: 80
      targetPort: 80
  selector:
    app: hasura
  type: ClusterIP
---
apiVersion: networking.k8s.io/v1
kind: Ingress
metadata:
  annotations:
    kubernetes.io/ingress.class: nginx
    kapp.k14s.io/disable-default-ownership-label-rules: ''
    kapp.k14s.io/disable-default-label-scoping-rules: ''
    kapp.k14s.io/delete-strategy: orphan
    app.github.com/job: '5678'
    app.github.com/ref: refs/heads/mybranch
    app.github.com/repo: socialgouv/carnet-de-bord
    app.github.com/run: '1234'
    app.github.com/sha: '0123456'
  labels:
    app: hasura
    application: carnet-de-bord
    component: hasura
    owner: carnet-de-bord
    team: carnet-de-bord
    cert: wildcard
  name: hasura
  namespace: carnet-de-bord-mybranch
spec:
  rules:
    - host: hasura-carnet-de-bord-mybranch.dev2.fabrique.social.gouv.fr
      http:
        paths:
          - backend:
              service:
                name: hasura
                port:
                  name: http
            path: /
            pathType: Prefix
  tls:
    - hosts:
        - hasura-carnet-de-bord-mybranch.dev2.fabrique.social.gouv.fr
      secretName: wildcard-crt
"
`;
